// Jest Snapshot v1, https://goo.gl/fbAQLP

exports[`<Poster /> should renders correctly 1`] = `
<div
  className="Poster"
  data-testid="Poster"
>
  <img
    alt="Logo"
    loading="lazy"
    src="logo.png"
  />
</div>
`;
