// Jest Snapshot v1, https://goo.gl/fbAQLP

exports[`<App /> should renders correctly 1`] = `
<div
  className="App"
  data-testid="App"
>
  <div
    className="Poster"
    data-testid="Poster"
  >
    <img
      alt="Logo"
      loading="lazy"
      src="logo.png"
    />
  </div>
  <div
    className="Menu"
    data-testid="Menu"
  >
    <button
      data-testid="Menu__BackButton"
      hidden={true}
      onClick={[Function]}
    >
      Back
    </button>
    <div
      className="List"
    >
      <button>
        <a
          aria-current={null}
          href="/game"
          onClick={[Function]}
        >
          Play
        </a>
      </button>
      <button>
        <a
          aria-current={null}
          href="/author"
          onClick={[Function]}
        >
          Author
        </a>
      </button>
    </div>
    <div
      className="Links"
    >
      <a
        className="License"
        data-testid="Menu__LicenseLink"
        href="https://github.com/corocoto/flappy-bird/blob/master/LICENSE"
        rel="noopener noreferrer license"
        target="_blank"
        title="Link on the licence"
      >
         
      </a>
      <a
        className="Repo"
        data-testid="Menu__RepoLink"
        href="https://github.com/corocoto/flappy-bird"
        rel="noopener noreferrer bookmark"
        target="_blank"
        title="Link on the repository"
      >
         
      </a>
    </div>
  </div>
</div>
`;
